// Jest Snapshot v1, https://goo.gl/fbAQLP

exports[`should render expense item 1`] = `
<Link
  className="list-item"
  replace={false}
  to="/edit/undefined"
>
  <div>
    <h3
      className="list-item__title"
    />
    <span
      className="list-item__sub-title"
    >
      December 31st, 1969
    </span>
  </div>
  <div>
    <h3
      className="list-item__data"
    >
       
      $0.0
       
    </h3>
  </div>
</Link>
`;
