// Jest Snapshot v1, https://goo.gl/fbAQLP

exports[`should render Not Found Page 1`] = `
<div>
  no such page 404!! 
  <Link
    replace={false}
    to="/"
  >
    Go Home
  </Link>
</div>
`;
